    question: Q0
    question: Q1
    question: Q2
